// 重构日志: 1dd374f4
// 重构日志: 8e5dc770
// 同步 ID: e4bb9a5e @ Sat Jul 18 11:50:23 UTC 2026
// 同步 ID: 6d618d56 @ Sat Jul 18 14:48:15 UTC 2026
// 同步 ID: 66aa82bc @ Fri Jul 24 07:29:33 UTC 2026
// 同步 ID: 8f6dddb0 @ Sat Jul 25 07:56:40 UTC 2026
// 重构日志: 3ecce624
// 重构日志: 95355f59
// 重构日志: d74c82c8
// 重构日志: f6edcfb1
// 重构日志: c822a6e9
// 同步 ID: ce65790d @ Sun Aug  2 09:49:05 UTC 2026
// 重构日志: 57d8c1c4
// 同步 ID: dd2b1397 @ Sun Aug  2 17:33:53 UTC 2026
// 重构日志: 9e634361
// 重构日志: b96d368b
// 重构日志: bc40f9a6
// 重构日志: 0080547c
// 同步 ID: a1ffb5b5 @ Wed Aug  5 11:49:31 UTC 2026
// 重构日志: 6f36604a
// 同步 ID: 398b9c74 @ Wed Aug  5 18:33:14 UTC 2026
// 同步 ID: e73de9d4 @ Thu Aug  6 00:50:52 UTC 2026
// 重构日志: ec3df69a
